../Core/Src/main.c:79:6:Tick	16	static
../Core/Src/main.c:111:5:main	8	static
../Core/Src/main.c:183:6:SystemClock_Config	72	static
../Core/Src/main.c:223:13:MX_TIM2_Init	48	static
../Core/Src/main.c:274:13:MX_DMA_Init	16	static
../Core/Src/main.c:295:13:MX_GPIO_Init	32	static
../Core/Src/main.c:316:6:DrawFruct	16	static
../Core/Src/main.c:321:6:DrawPoint	32	static
../Core/Src/main.c:339:6:Draw_Field	8	static
../Core/Src/main.c:344:6:DrawSnake	24	static
../Core/Src/main.c:357:6:Error_Handler	4	static,ignoring_inline_asm
