../Core/Src/ws2812.c:10:6:ws2812_init	16	static
../Core/Src/ws2812.c:15:6:ws2812_fill	32	static
../Core/Src/ws2812.c:25:6:ws2812_pixel_rgb_to_buf_dma	24	static
../Core/Src/ws2812.c:54:6:ws2812_prepareValue	16	static
../Core/Src/ws2812.c:65:6:ws2812_setValue	16	static
../Core/Src/ws2812.c:77:6:ws2812_light	8	static
../Core/Src/ws2812.c:83:6:ws2812_test01	48	static
../Core/Src/ws2812.c:101:6:ws2812_test02	24	static
../Core/Src/ws2812.c:130:6:ws2812_test03	24	static
../Core/Src/ws2812.c:175:6:ws2812_test04	16	static
