../Core/Src/ws2812.c:9:6:ws2812_init	0	static
../Core/Src/ws2812.c:15:6:ws2812_pixel_rgb_to_buf_dma	32	static
../Core/Src/ws2812.c:44:6:ws2812_prepareValue	8	static
../Core/Src/ws2812.c:71:6:ws2812_setValue	16	static
../Core/Src/ws2812.c:91:6:ws2812_light	0	static
../Core/Src/ws2812.c:96:6:ws2812_test01	16	static
../Core/Src/ws2812.c:116:6:ws2812_test02	32	static
../Core/Src/ws2812.c:145:6:ws2812_test03	48	static
../Core/Src/ws2812.c:190:6:ws2812_test04	24	static
../Core/Src/ws2812.c:253:6:ws2812_test05	56	static
